Pattern found at index 14
Pattern end at index 17
Pattern found at index 32
Pattern end at index 35
